Starting test...
Testing admin user...
✅ Admin user found
Current hash: $2a$10$detJa.FdPsXzIJ7Y7ooTQuE9UNVdFQchh71Q1mZECSwaFESXpiOCC
✅ Password matches Admin@123
